::1 - guest [2025-11-10T15:03:05.402Z] "POST /api/auth/register" 201 270 - 226.272 ms
::1 - guest [2025-11-10T15:03:53.924Z] "POST /api/cart/add" 403 45 - 7.543 ms
::1 - guest [2025-11-10T15:04:14.325Z] "POST /api/cart/add" 403 45 - 1.235 ms
::1 - 4 [2025-11-10T15:04:35.364Z] "POST /api/cart/add" 201 93 - 123.010 ms
::1 - 4 [2025-11-10T15:05:33.168Z] "POST /api/checkout" 500 80 - 59.559 ms
::1 - guest [2025-11-10T15:14:46.022Z] "POST /api/auth/register" 201 268 - 556.147 ms
::1 - guest [2025-11-10T15:17:01.220Z] "POST /api/auth/login" 200 268 - 138.333 ms
::1 - guest [2025-11-10T15:19:12.043Z] "POST /api/auth/forgot-password" 404 67 - 27.540 ms
::1 - guest [2025-11-10T15:19:32.074Z] "POST /api/auth/forgot-password" 404 67 - 3.731 ms
::1 - 5 [2025-11-10T15:22:41.376Z] "POST /api/cart" 404 51 - 145.937 ms
::1 - 5 [2025-11-10T15:22:48.770Z] "POST /api/cart/add" 400 53 - 6.609 ms
::1 - 5 [2025-11-10T15:23:06.403Z] "POST /api/cart" 404 51 - 39.413 ms
::1 - guest [2025-11-10T15:25:31.486Z] "POST /api/cartadd/5" 404 56 - 16.629 ms
::1 - 5 [2025-11-10T15:25:37.475Z] "POST /api/cart/add/5" 404 57 - 39.950 ms
::1 - 5 [2025-11-10T15:26:02.862Z] "POST /api/cart" 400 53 - 9.712 ms
::1 - 5 [2025-11-10T15:27:28.608Z] "POST /api/cart" 201 93 - 129.554 ms
::1 - 5 [2025-11-10T15:34:16.242Z] "GET /api/orders" 404 53 - 93.322 ms
::1 - 5 [2025-11-10T15:35:11.467Z] "GET /api/orders/my-orders" 200 30 - 202.122 ms
::1 - 5 [2025-11-10T15:40:14.856Z] "GET /api/orders" 404 53 - 72.815 ms
::1 - 5 [2025-11-10T15:41:42.071Z] "GET /api/orders" 404 53 - 10.401 ms
::1 - 5 [2025-11-10T15:43:47.228Z] "GET /api/orders" 404 53 - 35.516 ms
::1 - 5 [2025-11-10T15:45:45.564Z] "GET /api/orders" 404 53 - 30.587 ms
::1 - 5 [2025-11-10T15:46:35.598Z] "POST /api/checkout" 400 66 - 39.781 ms
::1 - 5 [2025-11-10T15:47:12.752Z] "POST /api/orders/3" 404 55 - 21.631 ms
::1 - 5 [2025-11-10T15:47:24.053Z] "POST /api/orders/my-orders" 404 63 - 9.330 ms
::1 - 5 [2025-11-10T15:48:59.703Z] "POST /api/orders/" 400 66 - 69.921 ms
::1 - 5 [2025-11-10T15:49:47.986Z] "POST /api/orders/" 400 66 - 47.994 ms
::1 - 5 [2025-11-10T15:49:52.253Z] "POST /api/orders/" 400 66 - 4.633 ms
::1 - 5 [2025-11-10T15:49:56.364Z] "POST /api/orders" 400 66 - 4.201 ms
::1 - 5 [2025-11-10T15:50:03.069Z] "POST /api/orders" 400 66 - 4.335 ms
::1 - 5 [2025-11-10T15:53:54.507Z] "POST /api/orders" 500 80 - 163.135 ms
::1 - 5 [2025-11-10T15:54:52.589Z] "POST /api/orders" 500 80 - 21.709 ms
::1 - 5 [2025-11-10T16:00:46.474Z] "POST /api/orders" 500 77 - 198.635 ms
::1 - 5 [2025-11-10T16:00:56.493Z] "GET /api/orders" 404 53 - 13.247 ms
::1 - 5 [2025-11-10T16:02:59.723Z] "GET /api/cart" 200 224 - 291.855 ms
::1 - 5 [2025-11-10T16:03:34.250Z] "POST /api/orders" 500 77 - 90.329 ms
::1 - 5 [2025-11-10T16:07:56.568Z] "POST /api/orders" 201 101 - 461.019 ms
::1 - 5 [2025-11-10T16:19:30.499Z] "POST /api/payments/orders/4/pay" 500 57 - 767.539 ms
::1 - guest [2025-11-10T16:24:56.456Z] "POST /api/payments/simulate-notification" 200 87 - 130.267 ms
::1 - 5 [2025-11-10T16:31:18.601Z] "POST /api/payments/orders/4/pay" 500 57 - 663.845 ms
::1 - 5 [2025-11-10T16:31:46.676Z] "POST /api/payments/orders/4/pay" 500 57 - 291.923 ms
::1 - 5 [2025-11-10T16:44:23.612Z] "POST /api/orders" 500 44 - 93.570 ms
::1 - 5 [2025-11-10T16:44:57.636Z] "POST /api/payments/orders/4/pay" 500 57 - 446.619 ms
::1 - 5 [2025-11-10T16:49:26.550Z] "POST /api/payments/orders/4/pay" 500 57 - 606.755 ms
::1 - 5 [2025-11-10T16:54:04.494Z] "POST /api/payments/orders/4/pay" 500 57 - 415.228 ms
::1 - 5 [2025-11-10T17:07:36.152Z] "POST /api/payments/orders/4/pay" 200 88 - 405.940 ms
::1 - guest [2025-11-10T17:11:45.480Z] "POST /api/payments/simulate-notification" 200 90 - 123.401 ms
::1 - guest [2025-11-10T17:13:00.531Z] "GET /api/payments/orders/4/payment-status" 401 64 - 26.444 ms
::1 - 5 [2025-11-10T17:13:09.507Z] "GET /api/payments/orders/4/payment-status" 200 201 - 164.542 ms
::1 - 5 [2025-11-10T17:28:22.741Z] "POST /api/orders" 500 44 - 70.918 ms
::1 - 5 [2025-11-10T17:30:45.161Z] "POST /api/cart" 201 93 - 145.081 ms
::1 - 5 [2025-11-10T17:30:57.415Z] "POST /api/orders" 201 101 - 55.602 ms
::1 - 5 [2025-11-10T17:33:04.721Z] "GET /api/payments/orders/4/payment-status" 200 201 - 434.065 ms
::1 - 5 [2025-11-10T17:33:21.930Z] "POST /api/payments/orders/4/pay" 400 71 - 14.948 ms
::1 - guest [2025-11-10T17:33:36.271Z] "POST /api/payments/simulate-notification" 200 90 - 18.312 ms
::1 - 5 [2025-11-10T17:33:46.648Z] "GET /api/payments/orders/4/payment-status" 200 201 - 14.538 ms
::1 - 5 [2025-11-10T17:34:43.063Z] "POST /api/orders" 500 44 - 125.674 ms
::1 - guest [2025-11-11T00:39:22.980Z] "POST /api/auth/login" 200 268 - 255.999 ms
::1 - 5 [2025-11-11T00:40:12.131Z] "POST /api/cart" 201 93 - 22.113 ms
::1 - 5 [2025-11-11T00:41:41.965Z] "POST /api/orders" 500 53 - 15.383 ms
::1 - 5 [2025-11-11T00:42:28.556Z] "POST /api/orders" 500 53 - 7.947 ms
::1 - 5 [2025-11-11T00:46:18.508Z] "GET /api/cart" 500 60 - 15.256 ms
::1 - 5 [2025-11-11T00:47:05.961Z] "GET /api/cart" 500 60 - 13.650 ms
::1 - 5 [2025-11-11T00:48:00.772Z] "POST /api/orders" 500 53 - 11.917 ms
::1 - 5 [2025-11-11T00:48:24.158Z] "GET /api/orders" 404 53 - 9.859 ms
::1 - 5 [2025-11-11T00:50:05.802Z] "POST /api/orders" 400 94 - 4.552 ms
::1 - 5 [2025-11-11T00:50:24.537Z] "POST /api/orders" 500 53 - 18.673 ms
::1 - 5 [2025-11-11T00:51:13.401Z] "POST /api/orders" 500 53 - 11.521 ms
::1 - 5 [2025-11-11T01:02:41.381Z] "POST /api/orders" 201 101 - 81.539 ms
::1 - 5 [2025-11-11T01:03:53.358Z] "POST /api/orders" 500 44 - 11.357 ms
::1 - 5 [2025-11-11T01:04:39.684Z] "POST /api/payments/orders/4/pay" 400 71 - 25.593 ms
::1 - 5 [2025-11-11T01:05:27.015Z] "POST /api/payments/orders/4/pay" 400 71 - 10.616 ms
::1 - 5 [2025-11-11T01:09:19.828Z] "POST /api/payments/orders/4/pay" 400 71 - 33.909 ms
::1 - 5 [2025-11-11T01:10:24.312Z] "POST /api/payments/orders/6/pay" 200 88 - 368.198 ms
::1 - guest [2025-11-11T01:11:47.484Z] "POST /api/payments/simulate-notification" 200 90 - 19.812 ms
::1 - 5 [2025-11-11T01:12:43.589Z] "GET /api/payments/orders/6/payment-status" 200 207 - 78.870 ms
::1 - guest [2025-11-11T01:15:25.170Z] "POST /api/orders" 403 45 - 21.196 ms
::1 - guest [2025-11-15T06:22:30.902Z] "POST /api/auth/register" 201 273 - 247.293 ms
::1 - guest [2025-11-15T06:23:06.554Z] "POST /api/auth/login" 200 273 - 96.588 ms
::1 - guest [2025-11-15T06:23:41.533Z] "POST /api/cart" 401 64 - 9.845 ms
::1 - 6 [2025-11-15T06:24:23.072Z] "POST /api/cart" 400 57 - 18.525 ms
::1 - 6 [2025-11-15T06:24:33.692Z] "POST /api/cart" 201 93 - 25.444 ms
::1 - 6 [2025-11-15T06:25:04.675Z] "GET /api/cart" 200 226 - 22.036 ms
::1 - 6 [2025-11-15T06:26:14.718Z] "POST /api/orders" 400 451 - 18.667 ms
::1 - guest [2025-11-15T08:06:35.610Z] "POST /api/auth/register" 400 55 - 277.932 ms
::1 - guest [2025-11-15T11:51:32.258Z] "GET /api-docs/" 304 - - 269.089 ms
::1 - guest [2025-11-15T11:51:32.526Z] "GET /api-docs/swagger-ui-init.js" 200 42031 - 1.505 ms
::1 - guest [2025-11-15T11:51:32.570Z] "GET /api-docs/swagger-ui.css" 200 155212 - 48.963 ms
::1 - guest [2025-11-15T11:51:32.606Z] "GET /api-docs/swagger-ui-standalone-preset.js" 200 250335 - 30.751 ms
::1 - guest [2025-11-15T11:51:32.685Z] "GET /api-docs/swagger-ui-bundle.js" 200 1510097 - 26.884 ms
::1 - guest [2025-11-15T11:51:33.540Z] "GET /api-docs/favicon-32x32.png" 200 628 - 11.290 ms
::1 - guest [2025-11-15T12:04:00.189Z] "POST /api/auth/register" 400 463 - 25.825 ms
::1 - guest [2025-11-15T12:13:43.287Z] "POST /api/auth/register" 201 269 - 299.805 ms
::1 - guest [2025-11-15T12:18:04.838Z] "POST /api/auth/register" 400 150 - 15.366 ms
::1 - guest [2025-11-15T12:19:47.339Z] "POST /api/auth/login" 200 269 - 186.703 ms
::1 - guest [2025-11-15T12:20:25.575Z] "POST /api/auth/login" 401 56 - 89.787 ms
::1 - 6 [2025-11-15T12:21:41.708Z] "POST /api/auth/logout" 200 56 - 31.133 ms
::1 - guest [2025-11-15T12:27:25.504Z] "POST /api/auth/login" 401 56 - 83.713 ms
::1 - guest [2025-11-15T12:28:55.124Z] "POST /api/auth/login" 401 56 - 11.790 ms
::1 - guest [2025-11-15T12:30:29.377Z] "POST /api/auth/register" 201 274 - 194.435 ms
::1 - guest [2025-11-15T12:32:00.307Z] "POST /api/auth/register" 400 55 - 26.779 ms
::1 - guest [2025-11-15T12:32:25.859Z] "POST /api/auth/register" 201 269 - 116.682 ms
::1 - guest [2025-11-15T12:33:49.147Z] "POST /api/auth/login" 200 269 - 99.123 ms
::1 - guest [2025-11-15T12:37:34.800Z] "POST /api/auth/admin/revoke/5" 401 73 - 11.736 ms
::1 - 9 [2025-11-15T12:37:50.997Z] "POST /api/auth/admin/revoke/5" 200 72 - 18.326 ms
::1 - 9 [2025-11-15T12:43:41.532Z] "POST /api/admin/users" 500 68 - 76.566 ms
::1 - 9 [2025-11-15T12:44:43.354Z] "POST /api/admin/users" 500 68 - 8.731 ms
::1 - 9 [2025-11-15T12:45:19.752Z] "POST /api/admin/users" 500 68 - 22.082 ms
::1 - 9 [2025-11-15T12:45:44.705Z] "POST /api/admin/users" 500 68 - 8.283 ms
::1 - 9 [2025-11-15T12:47:17.574Z] "POST /api/admin/users" 500 69 - 25.347 ms
::1 - 9 [2025-11-15T12:48:06.152Z] "POST /api/admin/users" 500 69 - 11.021 ms
::1 - 9 [2025-11-15T12:48:07.945Z] "POST /api/admin/users" 500 69 - 6.556 ms
::1 - 9 [2025-11-15T12:48:44.227Z] "POST /api/admin/users" 500 69 - 6.005 ms
::1 - 9 [2025-11-15T12:48:52.533Z] "POST /api/admin/users" 500 69 - 10.562 ms
::1 - 9 [2025-11-15T12:49:00.666Z] "POST /api/admin/users" 500 69 - 7.723 ms
::1 - 9 [2025-11-15T12:52:35.593Z] "POST /api/admin/users" 500 69 - 8.240 ms
::1 - 9 [2025-11-15T13:10:46.045Z] "GET /api/admin/users" 404 58 - 71.349 ms
::1 - 9 [2025-11-15T13:10:52.592Z] "POST /api/admin/users" 500 69 - 93.477 ms
::1 - 9 [2025-11-15T13:13:09.113Z] "POST /api/admin/users" 500 69 - 13.434 ms
::1 - 9 [2025-11-15T13:18:35.439Z] "POST /api/admin/users" 500 69 - 39.611 ms
::1 - 9 [2025-11-15T13:18:41.284Z] "POST /api/admin/users" 500 69 - 9.250 ms
::1 - 9 [2025-11-15T13:29:13.655Z] "POST /api/admin/users" 500 69 - 87.805 ms
::1 - 9 [2025-11-15T13:29:34.623Z] "POST /api/admin/users" 500 69 - 6.526 ms
::1 - 9 [2025-11-15T13:30:08.158Z] "POST /api/admin/users" 500 69 - 9.386 ms
::1 - 9 [2025-11-15T13:30:32.265Z] "POST /api/admin/users" 500 69 - 8.106 ms
::1 - 9 [2025-11-15T13:33:06.096Z] "POST /api/admin/users" 200 266 - 68.195 ms
::1 - 9 [2025-11-15T13:35:45.285Z] "GET /api/admin/users/6" 200 226 - 53.965 ms
::1 - 9 [2025-11-15T13:40:24.850Z] "POST /api/admin/users/8/role" 404 65 - 48.603 ms
::1 - 9 [2025-11-15T13:41:12.174Z] "PUT /api/admin/users/8/role" 200 118 - 50.015 ms
::1 - 9 [2025-11-15T13:44:25.381Z] "POST /api/admin/users/5" 404 60 - 9.938 ms
::1 - 9 [2025-11-15T13:44:32.514Z] "DELETE /api/admin/users/5" 500 49 - 110.951 ms
::1 - 9 [2025-11-15T13:45:58.610Z] "DELETE /api/admin/users/5" 500 49 - 10.230 ms
::1 - 9 [2025-11-15T13:46:29.059Z] "DELETE /api/admin/users/1" 500 49 - 15.455 ms
::1 - 9 [2025-11-15T13:48:23.269Z] "DELETE /api/admin/users/1" 200 112 - 62.867 ms
::1 - 9 [2025-11-15T13:52:13.999Z] "POST /api/admin/create-admin" 500 58 - 49.020 ms
::1 - 9 [2025-11-15T13:52:26.890Z] "POST /api/admin/create-admin" 500 58 - 13.911 ms
::1 - 9 [2025-11-15T13:53:51.623Z] "POST /api/admin/create-admin" 201 136 - 155.733 ms
::1 - 9 [2025-11-15T13:55:23.723Z] "GET /api/admin/dashboard/stats" 200 569 - 80.006 ms
::1 - guest [2025-11-15T14:02:15.249Z] "GET /api/produk" 404 53 - 43.650 ms
::1 - guest [2025-11-15T14:05:44.049Z] "POST /api/auth/login" 200 269 - 193.070 ms
::1 - guest [2025-11-15T14:07:06.323Z] "GET /api/produk" 404 53 - 13.754 ms
::1 - guest [2025-11-15T14:07:20.020Z] "GET /api/product" 404 54 - 3.528 ms
::1 - guest [2025-11-15T14:07:46.415Z] "GET /api/produk" 404 53 - 1.906 ms
::1 - guest [2025-11-15T14:09:15.235Z] "GET /api/products" 404 55 - 178.056 ms
::1 - guest [2025-11-15T14:09:21.490Z] "GET /api/produk" 500 83 - 57.508 ms
::1 - 7 [2025-11-15T14:10:14.943Z] "GET /api/products" 500 83 - 41.887 ms
::1 - 7 [2025-11-15T14:11:33.980Z] "GET /api/products" 200 1785 - 39.697 ms
::1 - 7 [2025-11-15T14:13:22.651Z] "GET /api/products/featured" 500 68 - 39.912 ms
::1 - guest [2025-11-15T14:13:35.810Z] "GET /api/produk/featured" 404 62 - 8.212 ms
::1 - 7 [2025-11-15T14:13:42.540Z] "GET /api/products/featured" 500 68 - 2.413 ms
::1 - 7 [2025-11-15T14:14:16.479Z] "GET /api/products/featured" 500 68 - 1.833 ms
::1 - 7 [2025-11-15T14:15:15.409Z] "GET /api/products/featured" 200 995 - 57.730 ms
::1 - 7 [2025-11-15T14:17:06.274Z] "GET /api/products/1" 200 374 - 28.210 ms
::1 - 9 [2025-11-15T14:28:26.289Z] "POST /api/products" 404 55 - 43.668 ms
::1 - 9 [2025-11-15T14:28:37.436Z] "POST /api/products/add" 404 59 - 7.095 ms
::1 - guest [2025-11-15T14:29:03.020Z] "POST /api/produk" 404 53 - 4.228 ms
::1 - guest [2025-11-15T14:29:12.425Z] "POST /api/product" 404 54 - 2.500 ms
::1 - 9 [2025-11-15T14:29:16.880Z] "POST /api/products" 404 55 - 3.985 ms
::1 - 9 [2025-11-15T14:30:27.564Z] "POST /api/products" 404 55 - 91.570 ms
::1 - 9 [2025-11-15T14:31:19.802Z] "POST /api/products" 201 144 - 67.679 ms
::1 - guest [2025-11-15T14:38:29.842Z] "GET /api/produk/2" 404 55 - 75.932 ms
::1 - 9 [2025-11-15T14:38:45.328Z] "PUT /api/products/2" 200 61 - 133.690 ms
::1 - 9 [2025-11-15T14:41:54.158Z] "DELETE /api/products/1" 500 55 - 69.606 ms
::1 - 9 [2025-11-15T14:42:07.392Z] "DELETE /api/products/3" 200 61 - 31.990 ms
::1 - guest [2025-11-15T14:47:49.044Z] "GET /api/carts" 404 52 - 39.169 ms
::1 - 7 [2025-11-15T14:47:54.421Z] "GET /api/cart" 200 50 - 197.666 ms
::1 - 7 [2025-11-15T14:50:33.264Z] "POST /api/cart" 400 53 - 100.203 ms
::1 - 7 [2025-11-15T14:51:08.217Z] "POST /api/cart" 400 53 - 7.825 ms
::1 - 7 [2025-11-15T14:51:17.159Z] "POST /api/cart" 400 148 - 8.995 ms
::1 - 7 [2025-11-15T14:51:36.432Z] "POST /api/cart" 400 53 - 7.399 ms
::1 - 7 [2025-11-15T14:53:28.570Z] "POST /api/cart" 201 93 - 78.485 ms
::1 - 7 [2025-11-15T14:54:41.603Z] "POST /api/cart" 201 93 - 92.162 ms
::1 - 7 [2025-11-15T14:57:12.674Z] "PUT /api/cart/update/:7" 500 50 - 236.029 ms
::1 - 7 [2025-11-15T14:57:20.886Z] "PUT /api/cart/update/7" 200 63 - 33.176 ms
::1 - 7 [2025-11-15T15:01:14.546Z] "DELETE /api/cart/remove/8" 200 68 - 93.234 ms
::1 - 7 [2025-11-15T15:03:56.457Z] "DELETE /api/cart/clear" 200 58 - 112.727 ms
::1 - 7 [2025-11-15T15:40:53.724Z] "POST /api/cart" 201 93 - 172.742 ms
::1 - 7 [2025-11-15T15:43:44.131Z] "POST /api/orders" 201 101 - 180.310 ms
::1 - 7 [2025-11-15T15:46:24.347Z] "GET /api/orders/my-orders" 200 403 - 155.616 ms
::1 - guest [2025-11-15T15:49:28.659Z] "GET /api/orders/7" 401 64 - 54.918 ms
::1 - 7 [2025-11-15T15:49:42.135Z] "GET /api/orders/7" 200 833 - 124.772 ms
::1 - 7 [2025-11-15T15:53:30.827Z] "POST /api/orders/7/cancel" 200 61 - 301.907 ms
::1 - 9 [2025-11-15T15:55:41.431Z] "PUT /api/orders/admin" 404 59 - 77.684 ms
::1 - 9 [2025-11-15T15:55:53.794Z] "PUT /api/orders/" 404 54 - 7.638 ms
::1 - 9 [2025-11-15T15:55:57.681Z] "PUT /api/orders" 404 53 - 4.523 ms
::1 - 9 [2025-11-15T15:56:06.199Z] "GET /api/orders/admin" 404 46 - 70.614 ms
::1 - 9 [2025-11-15T15:56:39.091Z] "GET /api/orders" 404 53 - 54.739 ms
::1 - 9 [2025-11-15T15:57:06.769Z] "GET /api/orders/admin" 404 46 - 98.294 ms
::1 - 7 [2025-11-15T15:57:49.209Z] "POST /api/orders" 500 44 - 139.816 ms
::1 - 7 [2025-11-15T15:58:17.563Z] "POST /api/cart" 201 94 - 103.409 ms
::1 - 7 [2025-11-15T15:58:31.244Z] "POST /api/orders" 201 101 - 54.593 ms
::1 - 9 [2025-11-15T15:59:31.687Z] "GET /api/orders/admin" 404 46 - 215.079 ms
::1 - 9 [2025-11-15T16:00:25.193Z] "GET /api/orders/admin" 404 46 - 92.367 ms
::1 - 9 [2025-11-15T16:02:19.166Z] "GET /api/orders/admin" 500 56 - 67.069 ms
::1 - guest [2025-11-16T13:04:46.841Z] "GET /api/orders/admin" 401 64 - 137.548 ms
::1 - guest [2025-11-16T13:05:17.581Z] "POST /api/auth/register" 400 55 - 16.563 ms
::1 - guest [2025-11-16T13:05:25.303Z] "POST /api/auth/login" 200 269 - 115.325 ms
::1 - guest [2025-11-16T13:06:14.727Z] "POST /api/auth/login" 200 269 - 90.007 ms
::1 - 7 [2025-11-16T13:07:21.684Z] "GET /api/cart" 200 50 - 9.444 ms
::1 - 7 [2025-11-16T13:07:49.122Z] "POST /api/cart" 201 94 - 14.297 ms
::1 - 7 [2025-11-16T13:08:23.140Z] "POST /api/orders" 201 101 - 33.410 ms
::1 - 9 [2025-11-16T13:09:20.586Z] "GET /api/orders/admin" 500 56 - 23.817 ms
::1 - 7 [2025-11-16T13:09:35.108Z] "GET /api/orders/my-orders" 200 1143 - 68.409 ms
::1 - 9 [2025-11-16T13:11:45.066Z] "GET /api/orders/admin" 200 4599 - 102.285 ms
::1 - 9 [2025-11-16T13:22:13.979Z] "PUT /api/orders/admin/8/status" 400 113 - 55.546 ms
::1 - 9 [2025-11-16T13:22:38.917Z] "PUT /api/orders/admin/8/status" 200 871 - 88.633 ms
::1 - 7 [2025-11-16T13:27:18.136Z] "POST /api/payments/orders/9/pay" 200 88 - 613.920 ms
::1 - 7 [2025-11-16T13:29:55.338Z] "GET /api/payments/orders/9/payment-status" 200 191 - 194.872 ms
::1 - guest [2025-11-16T13:32:19.716Z] "POST /api/payments/payment-notification" 500 69 - 262.849 ms
::1 - 7 [2025-11-16T13:35:11.812Z] "GET /api/payments/orders/9/payment-status" 200 191 - 126.801 ms
::1 - 7 [2025-11-16T13:35:53.411Z] "POST /api/payments/orders/9/pay" 200 88 - 454.593 ms
::1 - 7 [2025-11-16T13:36:03.065Z] "GET /api/payments/orders/9/payment-status" 200 191 - 15.974 ms
::1 - guest [2025-11-16T13:36:35.357Z] "POST /api/payments/payment-notification" 500 69 - 111.646 ms
::1 - guest [2025-11-16T13:37:09.112Z] "POST /api/payments/payment-notification" 500 69 - 171.934 ms
::1 - guest [2025-11-16T13:37:41.752Z] "POST /api/payments/payment-notification" 500 69 - 67.743 ms
::1 - guest [2025-11-16T13:38:01.083Z] "POST /api/payments/payment-notification" 500 69 - 198.549 ms
::1 - guest [2025-11-16T13:40:19.014Z] "POST /api/payments/payment-notification" 500 69 - 267.367 ms
::1 - 7 [2025-11-16T13:40:57.636Z] "POST /api/orders" 500 44 - 88.001 ms
::1 - guest [2025-11-16T13:41:33.320Z] "POST /api/payments/payment-notification" 500 69 - 70.402 ms
::1 - guest [2025-11-16T13:43:10.807Z] "POST /api/payments/payment-notification" 500 69 - 230.123 ms
::1 - guest [2025-11-16T13:43:29.774Z] "POST /api/payments/payment-notification" 500 69 - 121.851 ms
::1 - guest [2025-11-16T13:43:55.124Z] "POST /api/payments/payment-notification" 500 69 - 42.054 ms
::1 - guest [2025-11-16T13:45:34.793Z] "POST /api/payments/simulate-notification" 400 173 - 46.536 ms
::1 - guest [2025-11-16T13:46:07.899Z] "POST /api/payments/simulate-notification" 200 88 - 93.911 ms
::1 - guest [2025-11-16T13:47:03.686Z] "POST /api/payments/payment-notification" 500 69 - 521.812 ms
::1 - 7 [2025-11-16T13:52:44.044Z] "GET /api/categories" 404 57 - 168.703 ms
::1 - guest [2025-11-16T13:53:54.313Z] "GET /api/categories" 500 55 - 15.578 ms
::1 - guest [2025-11-16T13:55:28.899Z] "GET /api/categories" 500 101 - 15.760 ms
::1 - guest [2025-11-16T13:56:10.418Z] "GET /api/categories" 200 679 - 94.517 ms
::1 - guest [2025-11-16T14:00:24.277Z] "GET /api/categories/1" 200 152 - 140.984 ms
::1 - guest [2025-11-16T14:04:59.998Z] "GET /api/categories/6" 404 49 - 236.422 ms
::1 - 9 [2025-11-16T14:06:07.831Z] "POST /api/categories" 500 56 - 78.521 ms
::1 - 9 [2025-11-16T14:08:58.648Z] "POST /api/categories" 500 56 - 49.962 ms
::1 - 9 [2025-11-16T14:09:14.417Z] "POST /api/categories" 500 56 - 7.304 ms
::1 - 9 [2025-11-16T14:11:07.920Z] "POST /api/categories" 500 56 - 89.757 ms
::1 - 9 [2025-11-16T14:11:53.284Z] "POST /api/categories" 500 56 - 9.547 ms
::1 - 9 [2025-11-16T14:13:01.611Z] "POST /api/categories" 400 166 - 9.194 ms
::1 - 9 [2025-11-16T14:14:32.000Z] "POST /api/categories" 400 135 - 48.508 ms
::1 - 9 [2025-11-16T14:14:48.461Z] "POST /api/categories" 500 56 - 44.710 ms
::1 - 9 [2025-11-16T14:15:06.948Z] "POST /api/categories" 500 56 - 7.903 ms
::1 - 9 [2025-11-16T14:15:34.125Z] "POST /api/categories" 500 56 - 6.908 ms
::1 - 9 [2025-11-16T14:17:52.403Z] "POST /api/categories" 500 113 - 50.798 ms
::1 - 9 [2025-11-16T14:18:14.358Z] "POST /api/categories" 500 113 - 5.601 ms
::1 - 9 [2025-11-16T14:33:25.301Z] "POST /api/categories" 201 82 - 222.361 ms
::1 - 9 [2025-11-16T14:34:45.798Z] "POST /api/categories" 201 79 - 109.942 ms
::1 - 9 [2025-11-16T14:36:29.595Z] "PUT /api/categories/8" 200 223 - 163.245 ms
::1 - 9 [2025-11-16T14:37:44.599Z] "DELETE /api/categories/8" 200 62 - 113.941 ms
::1 - 7 [2025-11-16T14:40:56.823Z] "GET /api/profile" 200 299 - 165.455 ms
::1 - 7 [2025-11-16T14:44:12.655Z] "PUT /api/profile" 500 69 - 129.747 ms
::1 - 7 [2025-11-16T14:44:32.215Z] "PUT /api/profile" 500 69 - 21.582 ms
::1 - 7 [2025-11-16T14:46:19.489Z] "PUT /api/profile" 200 79 - 75.053 ms
::1 - 7 [2025-11-16T14:48:47.586Z] "PUT /api/profile/password" 400 208 - 82.645 ms
::1 - 7 [2025-11-16T14:49:18.582Z] "PUT /api/profile/password" 200 62 - 427.317 ms
::1 - 7 [2025-11-16T15:43:57.438Z] "POST /api/cart" 500 48 - 163.896 ms
::1 - 7 [2025-11-16T15:44:07.206Z] "POST /api/cart" 201 94 - 56.453 ms
::1 - 7 [2025-11-16T15:44:20.249Z] "POST /api/orders" 500 76 - 77.816 ms
::1 - 7 [2025-11-16T15:49:07.635Z] "POST /api/orders" 201 102 - 142.770 ms
::1 - guest [2025-11-16T15:49:53.405Z] "GET /api/orders/10" 401 64 - 4.608 ms
::1 - guest [2025-11-16T15:50:12.266Z] "POST /api/auth/login" 401 56 - 207.189 ms
::1 - guest [2025-11-16T15:50:28.969Z] "POST /api/auth/login" 401 56 - 92.377 ms
::1 - guest [2025-11-16T15:50:35.211Z] "POST /api/auth/login" 200 269 - 108.819 ms
::1 - 7 [2025-11-16T15:51:20.919Z] "GET /api/orders/10" 200 938 - 102.410 ms
::1 - guest [2025-11-17T04:17:18.584Z] "GET /api/products" 200 1960 - 260.999 ms
::1 - guest [2025-11-17T04:17:18.789Z] "GET /favicon.ico" 404 54 - 22.070 ms
